main.c:93:5:main	24	static
main.c:182:6:SystemClock_Config	88	static
main.c:228:13:MX_ADC1_Init	24	static
main.c:273:13:MX_SPI1_Init	8	static
main.c:311:13:MX_TIM2_Init	32	static
main.c:356:13:MX_TIM3_Init	32	static
main.c:401:13:MX_TIM4_Init	32	static
main.c:446:13:MX_USART1_UART_Init	8	static
main.c:477:13:MX_DMA_Init	16	static
main.c:495:13:MX_GPIO_Init	40	static
main.c:524:6:HAL_ADC_ConvCpltCallback	16	static
main.c:529:6:HAL_TIM_PeriodElapsedCallback	16	static
main.c:551:6:updateBPM	16	static
main.c:568:6:Error_Handler	4	static,ignoring_inline_asm
